// Jest Snapshot v1, https://goo.gl/fbAQLP

exports[`SVG rendering renders SVG variation ({
  imageSettings: {
    src: 'https://static.zpao.com/favicon.png',
    x: null,
    y: null,
    height: 24,
    width: 24,
    excavate: false
  }
}) correctly 1`] = `
<svg
  height={128}
  shapeRendering="crispEdges"
  viewBox="0 0 29 29"
  width={128}
>
  <path
    d="M0,0 h29v29H0z"
    fill="#ffffff"
  />
  <path
    d="M0 0h7v1H0zM8 0h1v1H8zM10 0h5v1H10zM17 0h2v1H17zM22,0 h7v1H22zM0 1h1v1H0zM6 1h1v1H6zM9 1h2v1H9zM13 1h1v1H13zM19 1h2v1H19zM22 1h1v1H22zM28,1 h1v1H28zM0 2h1v1H0zM2 2h3v1H2zM6 2h1v1H6zM10 2h2v1H10zM13 2h3v1H13zM19 2h2v1H19zM22 2h1v1H22zM24 2h3v1H24zM28,2 h1v1H28zM0 3h1v1H0zM2 3h3v1H2zM6 3h1v1H6zM11 3h3v1H11zM16 3h2v1H16zM19 3h2v1H19zM22 3h1v1H22zM24 3h3v1H24zM28,3 h1v1H28zM0 4h1v1H0zM2 4h3v1H2zM6 4h1v1H6zM9 4h1v1H9zM12 4h1v1H12zM16 4h2v1H16zM19 4h1v1H19zM22 4h1v1H22zM24 4h3v1H24zM28,4 h1v1H28zM0 5h1v1H0zM6 5h1v1H6zM10 5h2v1H10zM13 5h1v1H13zM18 5h1v1H18zM22 5h1v1H22zM28,5 h1v1H28zM0 6h7v1H0zM8 6h1v1H8zM10 6h1v1H10zM12 6h1v1H12zM14 6h1v1H14zM16 6h1v1H16zM18 6h1v1H18zM20 6h1v1H20zM22,6 h7v1H22zM8 7h1v1H8zM10 7h1v1H10zM13 7h1v1H13zM15 7h2v1H15zM19 7h2v1H19zM0 8h2v1H0zM3 8h2v1H3zM6 8h1v1H6zM9 8h4v1H9zM16 8h2v1H16zM19 8h2v1H19zM22 8h1v1H22zM28,8 h1v1H28zM0 9h1v1H0zM4 9h2v1H4zM8 9h2v1H8zM11 9h1v1H11zM13 9h3v1H13zM18 9h2v1H18zM21 9h1v1H21zM23 9h2v1H23zM26 9h2v1H26zM0 10h4v1H0zM6 10h1v1H6zM8 10h1v1H8zM10 10h2v1H10zM13 10h1v1H13zM15 10h2v1H15zM18 10h1v1H18zM21 10h1v1H21zM24 10h1v1H24zM26 10h1v1H26zM0 11h1v1H0zM2 11h1v1H2zM5 11h1v1H5zM8 11h3v1H8zM15 11h3v1H15zM19 11h2v1H19zM24 11h1v1H24zM28,11 h1v1H28zM1 12h3v1H1zM5 12h2v1H5zM9 12h1v1H9zM12 12h1v1H12zM15 12h2v1H15zM20 12h1v1H20zM22 12h1v1H22zM28,12 h1v1H28zM1 13h1v1H1zM3 13h1v1H3zM8 13h1v1H8zM11 13h1v1H11zM13 13h1v1H13zM15 13h2v1H15zM18 13h1v1H18zM22 13h4v1H22zM27,13 h2v1H27zM0 14h2v1H0zM3 14h2v1H3zM6 14h2v1H6zM13 14h4v1H13zM18 14h3v1H18zM22 14h1v1H22zM24 14h3v1H24zM28,14 h1v1H28zM1 15h1v1H1zM3 15h1v1H3zM8 15h2v1H8zM11 15h2v1H11zM14 15h3v1H14zM21 15h4v1H21zM26 15h1v1H26zM28,15 h1v1H28zM2 16h1v1H2zM6 16h1v1H6zM8 16h1v1H8zM10 16h4v1H10zM15 16h2v1H15zM20 16h1v1H20zM0 17h1v1H0zM5 17h1v1H5zM9 17h1v1H9zM14 17h2v1H14zM18 17h4v1H18zM24 17h4v1H24zM0 18h2v1H0zM3 18h5v1H3zM11 18h3v1H11zM15 18h1v1H15zM19 18h4v1H19zM28,18 h1v1H28zM0 19h2v1H0zM3 19h3v1H3zM10 19h2v1H10zM13 19h1v1H13zM18 19h5v1H18zM24 19h3v1H24zM0 20h8v1H0zM9 20h1v1H9zM11 20h2v1H11zM14 20h2v1H14zM17 20h1v1H17zM19 20h9v1H19zM8 21h1v1H8zM11 21h5v1H11zM17 21h4v1H17zM24 21h2v1H24zM0 22h7v1H0zM9 22h1v1H9zM11 22h2v1H11zM15 22h2v1H15zM19 22h2v1H19zM22 22h1v1H22zM24 22h2v1H24zM0 23h1v1H0zM6 23h1v1H6zM10 23h1v1H10zM12 23h1v1H12zM14 23h2v1H14zM17 23h4v1H17zM24 23h2v1H24zM0 24h1v1H0zM2 24h3v1H2zM6 24h1v1H6zM8 24h4v1H8zM15 24h2v1H15zM19 24h6v1H19zM27,24 h2v1H27zM0 25h1v1H0zM2 25h3v1H2zM6 25h1v1H6zM8 25h4v1H8zM13 25h7v1H13zM21 25h1v1H21zM25,25 h4v1H25zM0 26h1v1H0zM2 26h3v1H2zM6 26h1v1H6zM10 26h1v1H10zM12 26h1v1H12zM15 26h2v1H15zM18 26h1v1H18zM21 26h1v1H21zM23 26h3v1H23zM27,26 h2v1H27zM0 27h1v1H0zM6 27h1v1H6zM8 27h1v1H8zM14 27h2v1H14zM21 27h1v1H21zM23 27h4v1H23zM28,27 h1v1H28zM0 28h7v1H0zM8 28h3v1H8zM12 28h2v1H12zM19 28h2v1H19zM22 28h2v1H22z"
    fill="#000000"
  />
  <image
    height={5.4375}
    preserveAspectRatio="none"
    width={5.4375}
    x={11.78125}
    xlinkHref="https://static.zpao.com/favicon.png"
    y={11.78125}
  />
</svg>
`;

exports[`SVG rendering renders SVG variation ({
  imageSettings: {
    src: 'https://static.zpao.com/favicon.png',
    x: null,
    y: null,
    height: 24,
    width: 24,
    excavate: true
  }
}) correctly 1`] = `
<svg
  height={128}
  shapeRendering="crispEdges"
  viewBox="0 0 29 29"
  width={128}
>
  <path
    d="M0,0 h29v29H0z"
    fill="#ffffff"
  />
  <path
    d="M0 0h7v1H0zM8 0h1v1H8zM10 0h5v1H10zM17 0h2v1H17zM22,0 h7v1H22zM0 1h1v1H0zM6 1h1v1H6zM9 1h2v1H9zM13 1h1v1H13zM19 1h2v1H19zM22 1h1v1H22zM28,1 h1v1H28zM0 2h1v1H0zM2 2h3v1H2zM6 2h1v1H6zM10 2h2v1H10zM13 2h3v1H13zM19 2h2v1H19zM22 2h1v1H22zM24 2h3v1H24zM28,2 h1v1H28zM0 3h1v1H0zM2 3h3v1H2zM6 3h1v1H6zM11 3h3v1H11zM16 3h2v1H16zM19 3h2v1H19zM22 3h1v1H22zM24 3h3v1H24zM28,3 h1v1H28zM0 4h1v1H0zM2 4h3v1H2zM6 4h1v1H6zM9 4h1v1H9zM12 4h1v1H12zM16 4h2v1H16zM19 4h1v1H19zM22 4h1v1H22zM24 4h3v1H24zM28,4 h1v1H28zM0 5h1v1H0zM6 5h1v1H6zM10 5h2v1H10zM13 5h1v1H13zM18 5h1v1H18zM22 5h1v1H22zM28,5 h1v1H28zM0 6h7v1H0zM8 6h1v1H8zM10 6h1v1H10zM12 6h1v1H12zM14 6h1v1H14zM16 6h1v1H16zM18 6h1v1H18zM20 6h1v1H20zM22,6 h7v1H22zM8 7h1v1H8zM10 7h1v1H10zM13 7h1v1H13zM15 7h2v1H15zM19 7h2v1H19zM0 8h2v1H0zM3 8h2v1H3zM6 8h1v1H6zM9 8h4v1H9zM16 8h2v1H16zM19 8h2v1H19zM22 8h1v1H22zM28,8 h1v1H28zM0 9h1v1H0zM4 9h2v1H4zM8 9h2v1H8zM11 9h1v1H11zM13 9h3v1H13zM18 9h2v1H18zM21 9h1v1H21zM23 9h2v1H23zM26 9h2v1H26zM0 10h4v1H0zM6 10h1v1H6zM8 10h1v1H8zM10 10h2v1H10zM13 10h1v1H13zM15 10h2v1H15zM18 10h1v1H18zM21 10h1v1H21zM24 10h1v1H24zM26 10h1v1H26zM0 11h1v1H0zM2 11h1v1H2zM5 11h1v1H5zM8 11h3v1H8zM19 11h2v1H19zM24 11h1v1H24zM28,11 h1v1H28zM1 12h3v1H1zM5 12h2v1H5zM9 12h1v1H9zM20 12h1v1H20zM22 12h1v1H22zM28,12 h1v1H28zM1 13h1v1H1zM3 13h1v1H3zM8 13h1v1H8zM18 13h1v1H18zM22 13h4v1H22zM27,13 h2v1H27zM0 14h2v1H0zM3 14h2v1H3zM6 14h2v1H6zM18 14h3v1H18zM22 14h1v1H22zM24 14h3v1H24zM28,14 h1v1H28zM1 15h1v1H1zM3 15h1v1H3zM8 15h2v1H8zM21 15h4v1H21zM26 15h1v1H26zM28,15 h1v1H28zM2 16h1v1H2zM6 16h1v1H6zM8 16h1v1H8zM10 16h1v1H10zM20 16h1v1H20zM0 17h1v1H0zM5 17h1v1H5zM9 17h1v1H9zM18 17h4v1H18zM24 17h4v1H24zM0 18h2v1H0zM3 18h5v1H3zM11 18h3v1H11zM15 18h1v1H15zM19 18h4v1H19zM28,18 h1v1H28zM0 19h2v1H0zM3 19h3v1H3zM10 19h2v1H10zM13 19h1v1H13zM18 19h5v1H18zM24 19h3v1H24zM0 20h8v1H0zM9 20h1v1H9zM11 20h2v1H11zM14 20h2v1H14zM17 20h1v1H17zM19 20h9v1H19zM8 21h1v1H8zM11 21h5v1H11zM17 21h4v1H17zM24 21h2v1H24zM0 22h7v1H0zM9 22h1v1H9zM11 22h2v1H11zM15 22h2v1H15zM19 22h2v1H19zM22 22h1v1H22zM24 22h2v1H24zM0 23h1v1H0zM6 23h1v1H6zM10 23h1v1H10zM12 23h1v1H12zM14 23h2v1H14zM17 23h4v1H17zM24 23h2v1H24zM0 24h1v1H0zM2 24h3v1H2zM6 24h1v1H6zM8 24h4v1H8zM15 24h2v1H15zM19 24h6v1H19zM27,24 h2v1H27zM0 25h1v1H0zM2 25h3v1H2zM6 25h1v1H6zM8 25h4v1H8zM13 25h7v1H13zM21 25h1v1H21zM25,25 h4v1H25zM0 26h1v1H0zM2 26h3v1H2zM6 26h1v1H6zM10 26h1v1H10zM12 26h1v1H12zM15 26h2v1H15zM18 26h1v1H18zM21 26h1v1H21zM23 26h3v1H23zM27,26 h2v1H27zM0 27h1v1H0zM6 27h1v1H6zM8 27h1v1H8zM14 27h2v1H14zM21 27h1v1H21zM23 27h4v1H23zM28,27 h1v1H28zM0 28h7v1H0zM8 28h3v1H8zM12 28h2v1H12zM19 28h2v1H19zM22 28h2v1H22z"
    fill="#000000"
  />
  <image
    height={5.4375}
    preserveAspectRatio="none"
    width={5.4375}
    x={11.78125}
    xlinkHref="https://static.zpao.com/favicon.png"
    y={11.78125}
  />
</svg>
`;

exports[`SVG rendering renders SVG variation ({ includeMargin: false }) correctly 1`] = `
<svg
  height={128}
  shapeRendering="crispEdges"
  viewBox="0 0 29 29"
  width={128}
>
  <path
    d="M0,0 h29v29H0z"
    fill="#ffffff"
  />
  <path
    d="M0 0h7v1H0zM8 0h1v1H8zM10 0h5v1H10zM17 0h2v1H17zM22,0 h7v1H22zM0 1h1v1H0zM6 1h1v1H6zM9 1h2v1H9zM13 1h1v1H13zM19 1h2v1H19zM22 1h1v1H22zM28,1 h1v1H28zM0 2h1v1H0zM2 2h3v1H2zM6 2h1v1H6zM10 2h2v1H10zM13 2h3v1H13zM19 2h2v1H19zM22 2h1v1H22zM24 2h3v1H24zM28,2 h1v1H28zM0 3h1v1H0zM2 3h3v1H2zM6 3h1v1H6zM11 3h3v1H11zM16 3h2v1H16zM19 3h2v1H19zM22 3h1v1H22zM24 3h3v1H24zM28,3 h1v1H28zM0 4h1v1H0zM2 4h3v1H2zM6 4h1v1H6zM9 4h1v1H9zM12 4h1v1H12zM16 4h2v1H16zM19 4h1v1H19zM22 4h1v1H22zM24 4h3v1H24zM28,4 h1v1H28zM0 5h1v1H0zM6 5h1v1H6zM10 5h2v1H10zM13 5h1v1H13zM18 5h1v1H18zM22 5h1v1H22zM28,5 h1v1H28zM0 6h7v1H0zM8 6h1v1H8zM10 6h1v1H10zM12 6h1v1H12zM14 6h1v1H14zM16 6h1v1H16zM18 6h1v1H18zM20 6h1v1H20zM22,6 h7v1H22zM8 7h1v1H8zM10 7h1v1H10zM13 7h1v1H13zM15 7h2v1H15zM19 7h2v1H19zM0 8h2v1H0zM3 8h2v1H3zM6 8h1v1H6zM9 8h4v1H9zM16 8h2v1H16zM19 8h2v1H19zM22 8h1v1H22zM28,8 h1v1H28zM0 9h1v1H0zM4 9h2v1H4zM8 9h2v1H8zM11 9h1v1H11zM13 9h3v1H13zM18 9h2v1H18zM21 9h1v1H21zM23 9h2v1H23zM26 9h2v1H26zM0 10h4v1H0zM6 10h1v1H6zM8 10h1v1H8zM10 10h2v1H10zM13 10h1v1H13zM15 10h2v1H15zM18 10h1v1H18zM21 10h1v1H21zM24 10h1v1H24zM26 10h1v1H26zM0 11h1v1H0zM2 11h1v1H2zM5 11h1v1H5zM8 11h3v1H8zM15 11h3v1H15zM19 11h2v1H19zM24 11h1v1H24zM28,11 h1v1H28zM1 12h3v1H1zM5 12h2v1H5zM9 12h1v1H9zM12 12h1v1H12zM15 12h2v1H15zM20 12h1v1H20zM22 12h1v1H22zM28,12 h1v1H28zM1 13h1v1H1zM3 13h1v1H3zM8 13h1v1H8zM11 13h1v1H11zM13 13h1v1H13zM15 13h2v1H15zM18 13h1v1H18zM22 13h4v1H22zM27,13 h2v1H27zM0 14h2v1H0zM3 14h2v1H3zM6 14h2v1H6zM13 14h4v1H13zM18 14h3v1H18zM22 14h1v1H22zM24 14h3v1H24zM28,14 h1v1H28zM1 15h1v1H1zM3 15h1v1H3zM8 15h2v1H8zM11 15h2v1H11zM14 15h3v1H14zM21 15h4v1H21zM26 15h1v1H26zM28,15 h1v1H28zM2 16h1v1H2zM6 16h1v1H6zM8 16h1v1H8zM10 16h4v1H10zM15 16h2v1H15zM20 16h1v1H20zM0 17h1v1H0zM5 17h1v1H5zM9 17h1v1H9zM14 17h2v1H14zM18 17h4v1H18zM24 17h4v1H24zM0 18h2v1H0zM3 18h5v1H3zM11 18h3v1H11zM15 18h1v1H15zM19 18h4v1H19zM28,18 h1v1H28zM0 19h2v1H0zM3 19h3v1H3zM10 19h2v1H10zM13 19h1v1H13zM18 19h5v1H18zM24 19h3v1H24zM0 20h8v1H0zM9 20h1v1H9zM11 20h2v1H11zM14 20h2v1H14zM17 20h1v1H17zM19 20h9v1H19zM8 21h1v1H8zM11 21h5v1H11zM17 21h4v1H17zM24 21h2v1H24zM0 22h7v1H0zM9 22h1v1H9zM11 22h2v1H11zM15 22h2v1H15zM19 22h2v1H19zM22 22h1v1H22zM24 22h2v1H24zM0 23h1v1H0zM6 23h1v1H6zM10 23h1v1H10zM12 23h1v1H12zM14 23h2v1H14zM17 23h4v1H17zM24 23h2v1H24zM0 24h1v1H0zM2 24h3v1H2zM6 24h1v1H6zM8 24h4v1H8zM15 24h2v1H15zM19 24h6v1H19zM27,24 h2v1H27zM0 25h1v1H0zM2 25h3v1H2zM6 25h1v1H6zM8 25h4v1H8zM13 25h7v1H13zM21 25h1v1H21zM25,25 h4v1H25zM0 26h1v1H0zM2 26h3v1H2zM6 26h1v1H6zM10 26h1v1H10zM12 26h1v1H12zM15 26h2v1H15zM18 26h1v1H18zM21 26h1v1H21zM23 26h3v1H23zM27,26 h2v1H27zM0 27h1v1H0zM6 27h1v1H6zM8 27h1v1H8zM14 27h2v1H14zM21 27h1v1H21zM23 27h4v1H23zM28,27 h1v1H28zM0 28h7v1H0zM8 28h3v1H8zM12 28h2v1H12zM19 28h2v1H19zM22 28h2v1H22z"
    fill="#000000"
  />
</svg>
`;

exports[`SVG rendering renders SVG variation ({ includeMargin: true }) correctly 1`] = `
<svg
  height={128}
  shapeRendering="crispEdges"
  viewBox="0 0 37 37"
  width={128}
>
  <path
    d="M0,0 h37v37H0z"
    fill="#ffffff"
  />
  <path
    d="M4 4h7v1H4zM12 4h1v1H12zM14 4h5v1H14zM21 4h2v1H21zM26,4 h7v1H26zM4 5h1v1H4zM10 5h1v1H10zM13 5h2v1H13zM17 5h1v1H17zM23 5h2v1H23zM26 5h1v1H26zM32,5 h1v1H32zM4 6h1v1H4zM6 6h3v1H6zM10 6h1v1H10zM14 6h2v1H14zM17 6h3v1H17zM23 6h2v1H23zM26 6h1v1H26zM28 6h3v1H28zM32,6 h1v1H32zM4 7h1v1H4zM6 7h3v1H6zM10 7h1v1H10zM15 7h3v1H15zM20 7h2v1H20zM23 7h2v1H23zM26 7h1v1H26zM28 7h3v1H28zM32,7 h1v1H32zM4 8h1v1H4zM6 8h3v1H6zM10 8h1v1H10zM13 8h1v1H13zM16 8h1v1H16zM20 8h2v1H20zM23 8h1v1H23zM26 8h1v1H26zM28 8h3v1H28zM32,8 h1v1H32zM4 9h1v1H4zM10 9h1v1H10zM14 9h2v1H14zM17 9h1v1H17zM22 9h1v1H22zM26 9h1v1H26zM32,9 h1v1H32zM4 10h7v1H4zM12 10h1v1H12zM14 10h1v1H14zM16 10h1v1H16zM18 10h1v1H18zM20 10h1v1H20zM22 10h1v1H22zM24 10h1v1H24zM26,10 h7v1H26zM12 11h1v1H12zM14 11h1v1H14zM17 11h1v1H17zM19 11h2v1H19zM23 11h2v1H23zM4 12h2v1H4zM7 12h2v1H7zM10 12h1v1H10zM13 12h4v1H13zM20 12h2v1H20zM23 12h2v1H23zM26 12h1v1H26zM32,12 h1v1H32zM4 13h1v1H4zM8 13h2v1H8zM12 13h2v1H12zM15 13h1v1H15zM17 13h3v1H17zM22 13h2v1H22zM25 13h1v1H25zM27 13h2v1H27zM30 13h2v1H30zM4 14h4v1H4zM10 14h1v1H10zM12 14h1v1H12zM14 14h2v1H14zM17 14h1v1H17zM19 14h2v1H19zM22 14h1v1H22zM25 14h1v1H25zM28 14h1v1H28zM30 14h1v1H30zM4 15h1v1H4zM6 15h1v1H6zM9 15h1v1H9zM12 15h3v1H12zM19 15h3v1H19zM23 15h2v1H23zM28 15h1v1H28zM32,15 h1v1H32zM5 16h3v1H5zM9 16h2v1H9zM13 16h1v1H13zM16 16h1v1H16zM19 16h2v1H19zM24 16h1v1H24zM26 16h1v1H26zM32,16 h1v1H32zM5 17h1v1H5zM7 17h1v1H7zM12 17h1v1H12zM15 17h1v1H15zM17 17h1v1H17zM19 17h2v1H19zM22 17h1v1H22zM26 17h4v1H26zM31,17 h2v1H31zM4 18h2v1H4zM7 18h2v1H7zM10 18h2v1H10zM17 18h4v1H17zM22 18h3v1H22zM26 18h1v1H26zM28 18h3v1H28zM32,18 h1v1H32zM5 19h1v1H5zM7 19h1v1H7zM12 19h2v1H12zM15 19h2v1H15zM18 19h3v1H18zM25 19h4v1H25zM30 19h1v1H30zM32,19 h1v1H32zM6 20h1v1H6zM10 20h1v1H10zM12 20h1v1H12zM14 20h4v1H14zM19 20h2v1H19zM24 20h1v1H24zM4 21h1v1H4zM9 21h1v1H9zM13 21h1v1H13zM18 21h2v1H18zM22 21h4v1H22zM28 21h4v1H28zM4 22h2v1H4zM7 22h5v1H7zM15 22h3v1H15zM19 22h1v1H19zM23 22h4v1H23zM32,22 h1v1H32zM4 23h2v1H4zM7 23h3v1H7zM14 23h2v1H14zM17 23h1v1H17zM22 23h5v1H22zM28 23h3v1H28zM4 24h8v1H4zM13 24h1v1H13zM15 24h2v1H15zM18 24h2v1H18zM21 24h1v1H21zM23 24h9v1H23zM12 25h1v1H12zM15 25h5v1H15zM21 25h4v1H21zM28 25h2v1H28zM4 26h7v1H4zM13 26h1v1H13zM15 26h2v1H15zM19 26h2v1H19zM23 26h2v1H23zM26 26h1v1H26zM28 26h2v1H28zM4 27h1v1H4zM10 27h1v1H10zM14 27h1v1H14zM16 27h1v1H16zM18 27h2v1H18zM21 27h4v1H21zM28 27h2v1H28zM4 28h1v1H4zM6 28h3v1H6zM10 28h1v1H10zM12 28h4v1H12zM19 28h2v1H19zM23 28h6v1H23zM31,28 h2v1H31zM4 29h1v1H4zM6 29h3v1H6zM10 29h1v1H10zM12 29h4v1H12zM17 29h7v1H17zM25 29h1v1H25zM29,29 h4v1H29zM4 30h1v1H4zM6 30h3v1H6zM10 30h1v1H10zM14 30h1v1H14zM16 30h1v1H16zM19 30h2v1H19zM22 30h1v1H22zM25 30h1v1H25zM27 30h3v1H27zM31,30 h2v1H31zM4 31h1v1H4zM10 31h1v1H10zM12 31h1v1H12zM18 31h2v1H18zM25 31h1v1H25zM27 31h4v1H27zM32,31 h1v1H32zM4 32h7v1H4zM12 32h3v1H12zM16 32h2v1H16zM23 32h2v1H23zM26 32h2v1H26z"
    fill="#000000"
  />
</svg>
`;

exports[`SVG rendering renders SVG variation ({ level: 'H' }) correctly 1`] = `
<svg
  height={128}
  shapeRendering="crispEdges"
  viewBox="0 0 41 41"
  width={128}
>
  <path
    d="M0,0 h41v41H0z"
    fill="#ffffff"
  />
  <path
    d="M0 0h7v1H0zM9 0h1v1H9zM15 0h2v1H15zM18 0h5v1H18zM25 0h6v1H25zM32 0h1v1H32zM34,0 h7v1H34zM0 1h1v1H0zM6 1h1v1H6zM8 1h3v1H8zM13 1h2v1H13zM16 1h2v1H16zM22 1h2v1H22zM25 1h2v1H25zM29 1h1v1H29zM31 1h1v1H31zM34 1h1v1H34zM40,1 h1v1H40zM0 2h1v1H0zM2 2h3v1H2zM6 2h1v1H6zM10 2h1v1H10zM13 2h1v1H13zM17 2h1v1H17zM19 2h1v1H19zM26 2h1v1H26zM28 2h1v1H28zM31 2h1v1H31zM34 2h1v1H34zM36 2h3v1H36zM40,2 h1v1H40zM0 3h1v1H0zM2 3h3v1H2zM6 3h1v1H6zM11 3h2v1H11zM15 3h4v1H15zM21 3h3v1H21zM27 3h4v1H27zM32 3h1v1H32zM34 3h1v1H34zM36 3h3v1H36zM40,3 h1v1H40zM0 4h1v1H0zM2 4h3v1H2zM6 4h1v1H6zM10 4h2v1H10zM13 4h1v1H13zM15 4h1v1H15zM18 4h4v1H18zM27 4h4v1H27zM34 4h1v1H34zM36 4h3v1H36zM40,4 h1v1H40zM0 5h1v1H0zM6 5h1v1H6zM8 5h6v1H8zM18 5h2v1H18zM23 5h4v1H23zM30 5h2v1H30zM34 5h1v1H34zM40,5 h1v1H40zM0 6h7v1H0zM8 6h1v1H8zM10 6h1v1H10zM12 6h1v1H12zM14 6h1v1H14zM16 6h1v1H16zM18 6h1v1H18zM20 6h1v1H20zM22 6h1v1H22zM24 6h1v1H24zM26 6h1v1H26zM28 6h1v1H28zM30 6h1v1H30zM32 6h1v1H32zM34,6 h7v1H34zM8 7h2v1H8zM12 7h2v1H12zM15 7h1v1H15zM17 7h1v1H17zM19 7h2v1H19zM23 7h1v1H23zM29 7h2v1H29zM32 7h1v1H32zM4 8h4v1H4zM10 8h3v1H10zM14 8h1v1H14zM16 8h1v1H16zM22 8h1v1H22zM26 8h2v1H26zM29 8h1v1H29zM31 8h2v1H31zM34 8h2v1H34zM39 8h1v1H39zM1 9h2v1H1zM4 9h2v1H4zM7 9h1v1H7zM10 9h4v1H10zM15 9h1v1H15zM18 9h2v1H18zM25 9h4v1H25zM30 9h1v1H30zM34 9h4v1H34zM40,9 h1v1H40zM0 10h3v1H0zM6 10h1v1H6zM12 10h1v1H12zM15 10h3v1H15zM20 10h1v1H20zM22 10h2v1H22zM27 10h2v1H27zM36 10h1v1H36zM39,10 h2v1H39zM1 11h1v1H1zM3 11h2v1H3zM7 11h1v1H7zM11 11h1v1H11zM14 11h1v1H14zM17 11h2v1H17zM20 11h1v1H20zM24 11h1v1H24zM26 11h1v1H26zM28 11h3v1H28zM34 11h2v1H34zM37 11h1v1H37zM39 11h1v1H39zM0 12h1v1H0zM2 12h1v1H2zM6 12h3v1H6zM11 12h1v1H11zM14 12h3v1H14zM18 12h2v1H18zM21 12h3v1H21zM26 12h1v1H26zM29 12h1v1H29zM31 12h1v1H31zM0 13h1v1H0zM2 13h2v1H2zM8 13h3v1H8zM12 13h5v1H12zM21 13h1v1H21zM24 13h2v1H24zM28 13h5v1H28zM34 13h3v1H34zM40,13 h1v1H40zM0 14h1v1H0zM4 14h1v1H4zM6 14h2v1H6zM9 14h1v1H9zM11 14h1v1H11zM13 14h2v1H13zM18 14h1v1H18zM20 14h1v1H20zM24 14h2v1H24zM28 14h1v1H28zM30 14h1v1H30zM32 14h2v1H32zM37 14h2v1H37zM40,14 h1v1H40zM0 15h1v1H0zM3 15h1v1H3zM5 15h1v1H5zM8 15h2v1H8zM11 15h2v1H11zM17 15h1v1H17zM21 15h2v1H21zM24 15h1v1H24zM26 15h1v1H26zM29 15h1v1H29zM33 15h1v1H33zM37 15h1v1H37zM39 15h1v1H39zM1 16h4v1H1zM6 16h1v1H6zM8 16h1v1H8zM12 16h2v1H12zM18 16h1v1H18zM20 16h2v1H20zM23 16h2v1H23zM27 16h1v1H27zM29 16h1v1H29zM31 16h1v1H31zM35 16h1v1H35zM37 16h1v1H37zM39,16 h2v1H39zM0 17h2v1H0zM3 17h1v1H3zM5 17h1v1H5zM9 17h1v1H9zM14 17h2v1H14zM17 17h5v1H17zM23 17h2v1H23zM26 17h3v1H26zM34 17h1v1H34zM36 17h1v1H36zM38 17h1v1H38zM40,17 h1v1H40zM0 18h1v1H0zM2 18h3v1H2zM6 18h2v1H6zM11 18h1v1H11zM18 18h2v1H18zM21 18h1v1H21zM26 18h2v1H26zM29 18h1v1H29zM32 18h1v1H32zM35 18h1v1H35zM37 18h2v1H37zM40,18 h1v1H40zM0 19h1v1H0zM2 19h1v1H2zM5 19h1v1H5zM7 19h2v1H7zM15 19h1v1H15zM18 19h1v1H18zM20 19h1v1H20zM23 19h2v1H23zM26 19h2v1H26zM29 19h2v1H29zM32 19h1v1H32zM35 19h1v1H35zM37 19h1v1H37zM0 20h1v1H0zM6 20h2v1H6zM13 20h2v1H13zM17 20h1v1H17zM22 20h1v1H22zM25 20h1v1H25zM27 20h1v1H27zM30 20h4v1H30zM1 21h2v1H1zM4 21h2v1H4zM7 21h4v1H7zM14 21h2v1H14zM17 21h2v1H17zM20 21h4v1H20zM25 21h1v1H25zM27 21h2v1H27zM33 21h4v1H33zM40,21 h1v1H40zM2 22h2v1H2zM5 22h2v1H5zM9 22h2v1H9zM14 22h1v1H14zM17 22h2v1H17zM20 22h1v1H20zM23 22h1v1H23zM27 22h2v1H27zM36 22h1v1H36zM38 22h1v1H38zM40,22 h1v1H40zM0 23h1v1H0zM2 23h1v1H2zM7 23h2v1H7zM10 23h1v1H10zM12 23h1v1H12zM14 23h2v1H14zM18 23h1v1H18zM20 23h1v1H20zM22 23h1v1H22zM25 23h1v1H25zM29 23h2v1H29zM32 23h1v1H32zM36 23h2v1H36zM39 23h1v1H39zM1 24h1v1H1zM4 24h1v1H4zM6 24h1v1H6zM8 24h7v1H8zM16 24h1v1H16zM18 24h2v1H18zM21 24h1v1H21zM24 24h1v1H24zM27 24h3v1H27zM33 24h1v1H33zM37 24h1v1H37zM0 25h2v1H0zM3 25h1v1H3zM5 25h1v1H5zM7 25h1v1H7zM9 25h5v1H9zM15 25h1v1H15zM18 25h1v1H18zM24 25h2v1H24zM27 25h2v1H27zM34 25h3v1H34zM38,25 h3v1H38zM2 26h7v1H2zM10 26h3v1H10zM14 26h3v1H14zM20 26h2v1H20zM27 26h1v1H27zM32 26h1v1H32zM35 26h2v1H35zM40,26 h1v1H40zM0 27h1v1H0zM2 27h1v1H2zM4 27h2v1H4zM7 27h1v1H7zM9 27h2v1H9zM15 27h2v1H15zM19 27h1v1H19zM24 27h4v1H24zM29 27h4v1H29zM35 27h1v1H35zM37 27h1v1H37zM39,27 h2v1H39zM6 28h4v1H6zM11 28h1v1H11zM16 28h1v1H16zM20 28h1v1H20zM22 28h1v1H22zM25 28h1v1H25zM28 28h2v1H28zM32 28h1v1H32zM39,28 h2v1H39zM0 29h1v1H0zM2 29h2v1H2zM5 29h1v1H5zM8 29h1v1H8zM11 29h3v1H11zM15 29h6v1H15zM24 29h1v1H24zM30 29h2v1H30zM35 29h2v1H35zM38 29h1v1H38zM40,29 h1v1H40zM2 30h1v1H2zM5 30h2v1H5zM8 30h2v1H8zM12 30h1v1H12zM18 30h2v1H18zM21 30h3v1H21zM25 30h1v1H25zM27 30h1v1H27zM29 30h3v1H29zM35 30h1v1H35zM38 30h1v1H38zM40,30 h1v1H40zM3 31h1v1H3zM5 31h1v1H5zM7 31h1v1H7zM9 31h2v1H9zM12 31h1v1H12zM17 31h2v1H17zM20 31h1v1H20zM23 31h1v1H23zM27 31h3v1H27zM31 31h2v1H31zM35 31h1v1H35zM37 31h1v1H37zM40,31 h1v1H40zM0 32h4v1H0zM5 32h2v1H5zM10 32h1v1H10zM12 32h1v1H12zM14 32h5v1H14zM22 32h1v1H22zM24 32h3v1H24zM29 32h1v1H29zM32 32h5v1H32zM40,32 h1v1H40zM8 33h3v1H8zM12 33h3v1H12zM16 33h2v1H16zM19 33h1v1H19zM21 33h3v1H21zM25 33h5v1H25zM31 33h2v1H31zM36,33 h5v1H36zM0 34h7v1H0zM8 34h1v1H8zM10 34h2v1H10zM13 34h1v1H13zM17 34h1v1H17zM19 34h4v1H19zM24 34h2v1H24zM27 34h1v1H27zM30 34h3v1H30zM34 34h1v1H34zM36 34h2v1H36zM40,34 h1v1H40zM0 35h1v1H0zM6 35h1v1H6zM8 35h2v1H8zM11 35h1v1H11zM17 35h1v1H17zM22 35h3v1H22zM26 35h2v1H26zM31 35h2v1H31zM36 35h2v1H36zM40,35 h1v1H40zM0 36h1v1H0zM2 36h3v1H2zM6 36h1v1H6zM8 36h1v1H8zM10 36h2v1H10zM15 36h3v1H15zM20 36h1v1H20zM24 36h1v1H24zM31 36h6v1H31zM39 36h1v1H39zM0 37h1v1H0zM2 37h3v1H2zM6 37h1v1H6zM9 37h1v1H9zM12 37h3v1H12zM17 37h1v1H17zM20 37h1v1H20zM22 37h1v1H22zM27 37h2v1H27zM30 37h3v1H30zM35 37h1v1H35zM37,37 h4v1H37zM0 38h1v1H0zM2 38h3v1H2zM6 38h1v1H6zM11 38h4v1H11zM16 38h1v1H16zM18 38h3v1H18zM22 38h1v1H22zM25 38h1v1H25zM27 38h1v1H27zM29 38h3v1H29zM33 38h1v1H33zM37,38 h4v1H37zM0 39h1v1H0zM6 39h1v1H6zM9 39h1v1H9zM13 39h3v1H13zM19 39h2v1H19zM23 39h1v1H23zM27 39h3v1H27zM32 39h4v1H32zM37 39h1v1H37zM39,39 h2v1H39zM0 40h7v1H0zM10 40h2v1H10zM13 40h1v1H13zM16 40h1v1H16zM20 40h1v1H20zM23 40h1v1H23zM28 40h2v1H28zM32 40h1v1H32zM35 40h3v1H35zM39 40h1v1H39z"
    fill="#000000"
  />
</svg>
`;

exports[`SVG rendering renders SVG variation ({ level: 'L' }) correctly 1`] = `
<svg
  height={128}
  shapeRendering="crispEdges"
  viewBox="0 0 29 29"
  width={128}
>
  <path
    d="M0,0 h29v29H0z"
    fill="#ffffff"
  />
  <path
    d="M0 0h7v1H0zM8 0h1v1H8zM10 0h5v1H10zM17 0h2v1H17zM22,0 h7v1H22zM0 1h1v1H0zM6 1h1v1H6zM9 1h2v1H9zM13 1h1v1H13zM19 1h2v1H19zM22 1h1v1H22zM28,1 h1v1H28zM0 2h1v1H0zM2 2h3v1H2zM6 2h1v1H6zM10 2h2v1H10zM13 2h3v1H13zM19 2h2v1H19zM22 2h1v1H22zM24 2h3v1H24zM28,2 h1v1H28zM0 3h1v1H0zM2 3h3v1H2zM6 3h1v1H6zM11 3h3v1H11zM16 3h2v1H16zM19 3h2v1H19zM22 3h1v1H22zM24 3h3v1H24zM28,3 h1v1H28zM0 4h1v1H0zM2 4h3v1H2zM6 4h1v1H6zM9 4h1v1H9zM12 4h1v1H12zM16 4h2v1H16zM19 4h1v1H19zM22 4h1v1H22zM24 4h3v1H24zM28,4 h1v1H28zM0 5h1v1H0zM6 5h1v1H6zM10 5h2v1H10zM13 5h1v1H13zM18 5h1v1H18zM22 5h1v1H22zM28,5 h1v1H28zM0 6h7v1H0zM8 6h1v1H8zM10 6h1v1H10zM12 6h1v1H12zM14 6h1v1H14zM16 6h1v1H16zM18 6h1v1H18zM20 6h1v1H20zM22,6 h7v1H22zM8 7h1v1H8zM10 7h1v1H10zM13 7h1v1H13zM15 7h2v1H15zM19 7h2v1H19zM0 8h2v1H0zM3 8h2v1H3zM6 8h1v1H6zM9 8h4v1H9zM16 8h2v1H16zM19 8h2v1H19zM22 8h1v1H22zM28,8 h1v1H28zM0 9h1v1H0zM4 9h2v1H4zM8 9h2v1H8zM11 9h1v1H11zM13 9h3v1H13zM18 9h2v1H18zM21 9h1v1H21zM23 9h2v1H23zM26 9h2v1H26zM0 10h4v1H0zM6 10h1v1H6zM8 10h1v1H8zM10 10h2v1H10zM13 10h1v1H13zM15 10h2v1H15zM18 10h1v1H18zM21 10h1v1H21zM24 10h1v1H24zM26 10h1v1H26zM0 11h1v1H0zM2 11h1v1H2zM5 11h1v1H5zM8 11h3v1H8zM15 11h3v1H15zM19 11h2v1H19zM24 11h1v1H24zM28,11 h1v1H28zM1 12h3v1H1zM5 12h2v1H5zM9 12h1v1H9zM12 12h1v1H12zM15 12h2v1H15zM20 12h1v1H20zM22 12h1v1H22zM28,12 h1v1H28zM1 13h1v1H1zM3 13h1v1H3zM8 13h1v1H8zM11 13h1v1H11zM13 13h1v1H13zM15 13h2v1H15zM18 13h1v1H18zM22 13h4v1H22zM27,13 h2v1H27zM0 14h2v1H0zM3 14h2v1H3zM6 14h2v1H6zM13 14h4v1H13zM18 14h3v1H18zM22 14h1v1H22zM24 14h3v1H24zM28,14 h1v1H28zM1 15h1v1H1zM3 15h1v1H3zM8 15h2v1H8zM11 15h2v1H11zM14 15h3v1H14zM21 15h4v1H21zM26 15h1v1H26zM28,15 h1v1H28zM2 16h1v1H2zM6 16h1v1H6zM8 16h1v1H8zM10 16h4v1H10zM15 16h2v1H15zM20 16h1v1H20zM0 17h1v1H0zM5 17h1v1H5zM9 17h1v1H9zM14 17h2v1H14zM18 17h4v1H18zM24 17h4v1H24zM0 18h2v1H0zM3 18h5v1H3zM11 18h3v1H11zM15 18h1v1H15zM19 18h4v1H19zM28,18 h1v1H28zM0 19h2v1H0zM3 19h3v1H3zM10 19h2v1H10zM13 19h1v1H13zM18 19h5v1H18zM24 19h3v1H24zM0 20h8v1H0zM9 20h1v1H9zM11 20h2v1H11zM14 20h2v1H14zM17 20h1v1H17zM19 20h9v1H19zM8 21h1v1H8zM11 21h5v1H11zM17 21h4v1H17zM24 21h2v1H24zM0 22h7v1H0zM9 22h1v1H9zM11 22h2v1H11zM15 22h2v1H15zM19 22h2v1H19zM22 22h1v1H22zM24 22h2v1H24zM0 23h1v1H0zM6 23h1v1H6zM10 23h1v1H10zM12 23h1v1H12zM14 23h2v1H14zM17 23h4v1H17zM24 23h2v1H24zM0 24h1v1H0zM2 24h3v1H2zM6 24h1v1H6zM8 24h4v1H8zM15 24h2v1H15zM19 24h6v1H19zM27,24 h2v1H27zM0 25h1v1H0zM2 25h3v1H2zM6 25h1v1H6zM8 25h4v1H8zM13 25h7v1H13zM21 25h1v1H21zM25,25 h4v1H25zM0 26h1v1H0zM2 26h3v1H2zM6 26h1v1H6zM10 26h1v1H10zM12 26h1v1H12zM15 26h2v1H15zM18 26h1v1H18zM21 26h1v1H21zM23 26h3v1H23zM27,26 h2v1H27zM0 27h1v1H0zM6 27h1v1H6zM8 27h1v1H8zM14 27h2v1H14zM21 27h1v1H21zM23 27h4v1H23zM28,27 h1v1H28zM0 28h7v1H0zM8 28h3v1H8zM12 28h2v1H12zM19 28h2v1H19zM22 28h2v1H22z"
    fill="#000000"
  />
</svg>
`;

exports[`SVG rendering renders SVG variation ({ level: 'M' }) correctly 1`] = `
<svg
  height={128}
  shapeRendering="crispEdges"
  viewBox="0 0 33 33"
  width={128}
>
  <path
    d="M0,0 h33v33H0z"
    fill="#ffffff"
  />
  <path
    d="M0 0h7v1H0zM8 0h2v1H8zM11 0h2v1H11zM14 0h5v1H14zM23 0h1v1H23zM26,0 h7v1H26zM0 1h1v1H0zM6 1h1v1H6zM9 1h1v1H9zM16 1h2v1H16zM19 1h3v1H19zM24 1h1v1H24zM26 1h1v1H26zM32,1 h1v1H32zM0 2h1v1H0zM2 2h3v1H2zM6 2h1v1H6zM10 2h4v1H10zM15 2h2v1H15zM21 2h2v1H21zM26 2h1v1H26zM28 2h3v1H28zM32,2 h1v1H32zM0 3h1v1H0zM2 3h3v1H2zM6 3h1v1H6zM8 3h2v1H8zM11 3h1v1H11zM14 3h1v1H14zM17 3h2v1H17zM20 3h1v1H20zM22 3h3v1H22zM26 3h1v1H26zM28 3h3v1H28zM32,3 h1v1H32zM0 4h1v1H0zM2 4h3v1H2zM6 4h1v1H6zM8 4h2v1H8zM12 4h1v1H12zM14 4h1v1H14zM17 4h4v1H17zM23 4h1v1H23zM26 4h1v1H26zM28 4h3v1H28zM32,4 h1v1H32zM0 5h1v1H0zM6 5h1v1H6zM8 5h1v1H8zM10 5h1v1H10zM12 5h1v1H12zM16 5h1v1H16zM19 5h1v1H19zM22 5h1v1H22zM24 5h1v1H24zM26 5h1v1H26zM32,5 h1v1H32zM0 6h7v1H0zM8 6h1v1H8zM10 6h1v1H10zM12 6h1v1H12zM14 6h1v1H14zM16 6h1v1H16zM18 6h1v1H18zM20 6h1v1H20zM22 6h1v1H22zM24 6h1v1H24zM26,6 h7v1H26zM8 7h2v1H8zM11 7h2v1H11zM15 7h3v1H15zM21 7h1v1H21zM23 7h2v1H23zM0 8h1v1H0zM4 8h1v1H4zM6 8h3v1H6zM12 8h1v1H12zM17 8h1v1H17zM19 8h1v1H19zM21 8h3v1H21zM25 8h5v1H25zM32,8 h1v1H32zM0 9h1v1H0zM7 9h1v1H7zM9 9h1v1H9zM11 9h1v1H11zM13 9h4v1H13zM18 9h1v1H18zM21 9h3v1H21zM27 9h1v1H27zM29 9h3v1H29zM0 10h3v1H0zM4 10h1v1H4zM6 10h2v1H6zM12 10h1v1H12zM15 10h3v1H15zM20 10h1v1H20zM23 10h4v1H23zM29 10h1v1H29zM31 10h1v1H31zM0 11h2v1H0zM3 11h1v1H3zM5 11h1v1H5zM9 11h2v1H9zM14 11h1v1H14zM17 11h8v1H17zM26 11h1v1H26zM32,11 h1v1H32zM2 12h1v1H2zM4 12h1v1H4zM6 12h1v1H6zM8 12h1v1H8zM10 12h6v1H10zM18 12h1v1H18zM20 12h3v1H20zM24 12h1v1H24zM26 12h1v1H26zM28 12h2v1H28zM31,12 h2v1H31zM1 13h2v1H1zM5 13h1v1H5zM8 13h1v1H8zM11 13h1v1H11zM13 13h1v1H13zM16 13h1v1H16zM19 13h1v1H19zM23 13h1v1H23zM30 13h1v1H30zM0 14h1v1H0zM5 14h2v1H5zM12 14h1v1H12zM16 14h4v1H16zM22 14h2v1H22zM30 14h2v1H30zM2 15h2v1H2zM5 15h1v1H5zM7 15h1v1H7zM13 15h2v1H13zM17 15h5v1H17zM27 15h2v1H27zM0 16h4v1H0zM6 16h2v1H6zM9 16h4v1H9zM14 16h2v1H14zM17 16h1v1H17zM20 16h3v1H20zM26 16h1v1H26zM28 16h1v1H28zM31 16h1v1H31zM0 17h1v1H0zM2 17h3v1H2zM7 17h1v1H7zM9 17h2v1H9zM14 17h4v1H14zM23 17h1v1H23zM25 17h1v1H25zM29 17h2v1H29zM1 18h1v1H1zM5 18h4v1H5zM10 18h3v1H10zM14 18h3v1H14zM18 18h1v1H18zM20 18h1v1H20zM22 18h2v1H22zM25 18h1v1H25zM29 18h1v1H29zM31 18h1v1H31zM5 19h1v1H5zM7 19h2v1H7zM11 19h1v1H11zM13 19h1v1H13zM20 19h2v1H20zM23 19h2v1H23zM31 19h1v1H31zM0 20h1v1H0zM3 20h2v1H3zM6 20h1v1H6zM15 20h2v1H15zM19 20h4v1H19zM24 20h1v1H24zM26 20h4v1H26zM31,20 h2v1H31zM0 21h1v1H0zM7 21h1v1H7zM9 21h2v1H9zM12 21h3v1H12zM18 21h4v1H18zM23 21h1v1H23zM27 21h1v1H27zM29 21h1v1H29zM31 21h1v1H31zM3 22h7v1H3zM13 22h3v1H13zM20 22h1v1H20zM23 22h2v1H23zM26 22h1v1H26zM28 22h1v1H28zM30 22h2v1H30zM2 23h4v1H2zM7 23h1v1H7zM9 23h1v1H9zM11 23h1v1H11zM15 23h7v1H15zM23 23h3v1H23zM28 23h1v1H28zM32,23 h1v1H32zM0 24h2v1H0zM6 24h2v1H6zM9 24h3v1H9zM17 24h1v1H17zM20 24h9v1H20zM31,24 h2v1H31zM8 25h2v1H8zM13 25h4v1H13zM18 25h1v1H18zM21 25h1v1H21zM23 25h2v1H23zM28 25h1v1H28zM30 25h1v1H30zM0 26h7v1H0zM8 26h1v1H8zM10 26h1v1H10zM13 26h1v1H13zM15 26h1v1H15zM17 26h1v1H17zM24 26h1v1H24zM26 26h1v1H26zM28 26h2v1H28zM31 26h1v1H31zM0 27h1v1H0zM6 27h1v1H6zM10 27h1v1H10zM12 27h2v1H12zM15 27h4v1H15zM21 27h1v1H21zM24 27h1v1H24zM28 27h2v1H28zM31,27 h2v1H31zM0 28h1v1H0zM2 28h3v1H2zM6 28h1v1H6zM8 28h5v1H8zM18 28h5v1H18zM24 28h6v1H24zM32,28 h1v1H32zM0 29h1v1H0zM2 29h3v1H2zM6 29h1v1H6zM10 29h1v1H10zM13 29h1v1H13zM16 29h1v1H16zM20 29h1v1H20zM23 29h1v1H23zM26 29h1v1H26zM28 29h3v1H28zM0 30h1v1H0zM2 30h3v1H2zM6 30h1v1H6zM10 30h1v1H10zM12 30h3v1H12zM16 30h1v1H16zM20 30h1v1H20zM23 30h1v1H23zM26 30h4v1H26zM0 31h1v1H0zM6 31h1v1H6zM9 31h4v1H9zM14 31h1v1H14zM17 31h2v1H17zM20 31h6v1H20zM27 31h1v1H27zM0 32h7v1H0zM8 32h1v1H8zM10 32h3v1H10zM14 32h2v1H14zM17 32h1v1H17zM21 32h4v1H21zM26 32h1v1H26zM28 32h1v1H28zM32,32 h1v1H32z"
    fill="#000000"
  />
</svg>
`;

exports[`SVG rendering renders SVG variation ({ level: 'Q' }) correctly 1`] = `
<svg
  height={128}
  shapeRendering="crispEdges"
  viewBox="0 0 37 37"
  width={128}
>
  <path
    d="M0,0 h37v37H0z"
    fill="#ffffff"
  />
  <path
    d="M0 0h7v1H0zM8 0h2v1H8zM12 0h1v1H12zM14 0h1v1H14zM17 0h1v1H17zM19 0h3v1H19zM28 0h1v1H28zM30,0 h7v1H30zM0 1h1v1H0zM6 1h1v1H6zM9 1h1v1H9zM11 1h1v1H11zM13 1h3v1H13zM21 1h4v1H21zM26 1h2v1H26zM30 1h1v1H30zM36,1 h1v1H36zM0 2h1v1H0zM2 2h3v1H2zM6 2h1v1H6zM9 2h1v1H9zM12 2h1v1H12zM20 2h4v1H20zM26 2h3v1H26zM30 2h1v1H30zM32 2h3v1H32zM36,2 h1v1H36zM0 3h1v1H0zM2 3h3v1H2zM6 3h1v1H6zM9 3h2v1H9zM12 3h4v1H12zM18 3h1v1H18zM22 3h5v1H22zM28 3h1v1H28zM30 3h1v1H30zM32 3h3v1H32zM36,3 h1v1H36zM0 4h1v1H0zM2 4h3v1H2zM6 4h1v1H6zM8 4h2v1H8zM13 4h1v1H13zM15 4h1v1H15zM17 4h1v1H17zM20 4h1v1H20zM22 4h2v1H22zM25 4h2v1H25zM28 4h1v1H28zM30 4h1v1H30zM32 4h3v1H32zM36,4 h1v1H36zM0 5h1v1H0zM6 5h1v1H6zM8 5h3v1H8zM12 5h1v1H12zM14 5h1v1H14zM16 5h1v1H16zM20 5h1v1H20zM22 5h1v1H22zM25 5h4v1H25zM30 5h1v1H30zM36,5 h1v1H36zM0 6h7v1H0zM8 6h1v1H8zM10 6h1v1H10zM12 6h1v1H12zM14 6h1v1H14zM16 6h1v1H16zM18 6h1v1H18zM20 6h1v1H20zM22 6h1v1H22zM24 6h1v1H24zM26 6h1v1H26zM28 6h1v1H28zM30,6 h7v1H30zM11 7h1v1H11zM13 7h2v1H13zM18 7h2v1H18zM21 7h1v1H21zM25 7h1v1H25zM28 7h1v1H28zM1 8h7v1H1zM9 8h1v1H9zM11 8h1v1H11zM13 8h3v1H13zM17 8h3v1H17zM22 8h1v1H22zM24 8h1v1H24zM26 8h1v1H26zM28 8h1v1H28zM31 8h2v1H31zM36,8 h1v1H36zM0 9h1v1H0zM2 9h1v1H2zM8 9h2v1H8zM13 9h8v1H13zM23 9h1v1H23zM27 9h1v1H27zM34 9h1v1H34zM1 10h1v1H1zM3 10h8v1H3zM13 10h1v1H13zM20 10h3v1H20zM27 10h2v1H27zM30 10h2v1H30zM33,10 h4v1H33zM1 11h1v1H1zM4 11h2v1H4zM7 11h2v1H7zM11 11h1v1H11zM15 11h1v1H15zM19 11h4v1H19zM24 11h1v1H24zM27 11h1v1H27zM30 11h3v1H30zM0 12h3v1H0zM6 12h1v1H6zM11 12h3v1H11zM15 12h2v1H15zM18 12h1v1H18zM22 12h1v1H22zM25 12h3v1H25zM30 12h1v1H30zM32 12h4v1H32zM2 13h1v1H2zM4 13h1v1H4zM7 13h1v1H7zM10 13h1v1H10zM14 13h1v1H14zM16 13h4v1H16zM21 13h1v1H21zM23 13h1v1H23zM28 13h2v1H28zM31 13h1v1H31zM33 13h2v1H33zM0 14h1v1H0zM3 14h2v1H3zM6 14h1v1H6zM10 14h1v1H10zM13 14h2v1H13zM21 14h1v1H21zM24 14h1v1H24zM26 14h2v1H26zM29 14h2v1H29zM32 14h2v1H32zM35,14 h2v1H35zM1 15h2v1H1zM4 15h1v1H4zM11 15h2v1H11zM14 15h1v1H14zM18 15h2v1H18zM21 15h2v1H21zM26 15h5v1H26zM35 15h1v1H35zM0 16h1v1H0zM2 16h2v1H2zM5 16h2v1H5zM18 16h2v1H18zM21 16h1v1H21zM25 16h3v1H25zM29 16h2v1H29zM32 16h1v1H32zM34 16h1v1H34zM36,16 h1v1H36zM0 17h4v1H0zM10 17h4v1H10zM17 17h2v1H17zM21 17h2v1H21zM24 17h1v1H24zM26 17h1v1H26zM28 17h1v1H28zM31 17h1v1H31zM34 17h1v1H34zM1 18h1v1H1zM3 18h2v1H3zM6 18h2v1H6zM9 18h2v1H9zM12 18h5v1H12zM18 18h2v1H18zM25 18h1v1H25zM27 18h1v1H27zM30 18h1v1H30zM34,18 h3v1H34zM0 19h1v1H0zM2 19h4v1H2zM7 19h1v1H7zM9 19h2v1H9zM14 19h5v1H14zM21 19h1v1H21zM24 19h1v1H24zM26 19h2v1H26zM29 19h1v1H29zM2 20h2v1H2zM6 20h3v1H6zM10 20h1v1H10zM12 20h1v1H12zM16 20h2v1H16zM19 20h1v1H19zM22 20h1v1H22zM25 20h1v1H25zM27 20h1v1H27zM29 20h6v1H29zM36,20 h1v1H36zM0 21h6v1H0zM8 21h2v1H8zM11 21h2v1H11zM15 21h1v1H15zM17 21h1v1H17zM19 21h2v1H19zM23 21h1v1H23zM31 21h1v1H31zM1 22h1v1H1zM3 22h1v1H3zM5 22h2v1H5zM8 22h1v1H8zM10 22h3v1H10zM15 22h2v1H15zM19 22h1v1H19zM22 22h1v1H22zM24 22h1v1H24zM27 22h3v1H27zM34 22h1v1H34zM36,22 h1v1H36zM0 23h1v1H0zM4 23h2v1H4zM7 23h2v1H7zM11 23h1v1H11zM15 23h1v1H15zM17 23h5v1H17zM26 23h1v1H26zM28 23h2v1H28zM31 23h1v1H31zM1 24h1v1H1zM3 24h1v1H3zM6 24h2v1H6zM9 24h4v1H9zM14 24h1v1H14zM20 24h1v1H20zM22 24h1v1H22zM24 24h1v1H24zM30 24h1v1H30zM32 24h1v1H32zM34 24h1v1H34zM36,24 h1v1H36zM0 25h2v1H0zM3 25h3v1H3zM7 25h1v1H7zM9 25h1v1H9zM11 25h1v1H11zM16 25h2v1H16zM20 25h2v1H20zM23 25h1v1H23zM25 25h4v1H25zM30 25h2v1H30zM33 25h1v1H33zM0 26h1v1H0zM4 26h4v1H4zM10 26h4v1H10zM17 26h3v1H17zM31 26h2v1H31zM34,26 h3v1H34zM0 27h1v1H0zM3 27h1v1H3zM7 27h1v1H7zM11 27h1v1H11zM13 27h4v1H13zM19 27h3v1H19zM23 27h2v1H23zM26 27h1v1H26zM28 27h1v1H28zM31 27h2v1H31zM35,27 h2v1H35zM0 28h1v1H0zM2 28h1v1H2zM4 28h1v1H4zM6 28h1v1H6zM8 28h3v1H8zM12 28h1v1H12zM14 28h1v1H14zM16 28h1v1H16zM19 28h1v1H19zM22 28h1v1H22zM25 28h2v1H25zM28 28h7v1H28zM8 29h8v1H8zM17 29h1v1H17zM19 29h2v1H19zM23 29h1v1H23zM27 29h2v1H27zM32 29h1v1H32zM35 29h1v1H35zM0 30h7v1H0zM8 30h1v1H8zM10 30h1v1H10zM12 30h4v1H12zM18 30h1v1H18zM22 30h1v1H22zM25 30h1v1H25zM28 30h1v1H28zM30 30h1v1H30zM32 30h2v1H32zM35,30 h2v1H35zM0 31h1v1H0zM6 31h1v1H6zM8 31h2v1H8zM11 31h2v1H11zM14 31h1v1H14zM18 31h3v1H18zM23 31h2v1H23zM26 31h1v1H26zM28 31h1v1H28zM32 31h1v1H32zM35,31 h2v1H35zM0 32h1v1H0zM2 32h3v1H2zM6 32h1v1H6zM8 32h1v1H8zM11 32h1v1H11zM13 32h2v1H13zM16 32h2v1H16zM19 32h4v1H19zM24 32h9v1H24zM34,32 h3v1H34zM0 33h1v1H0zM2 33h3v1H2zM6 33h1v1H6zM8 33h2v1H8zM13 33h2v1H13zM16 33h2v1H16zM25 33h1v1H25zM28 33h1v1H28zM30 33h3v1H30zM35 33h1v1H35zM0 34h1v1H0zM2 34h3v1H2zM6 34h1v1H6zM8 34h2v1H8zM11 34h4v1H11zM16 34h3v1H16zM20 34h7v1H20zM28 34h1v1H28zM31 34h1v1H31zM33 34h2v1H33zM36,34 h1v1H36zM0 35h1v1H0zM6 35h1v1H6zM8 35h1v1H8zM10 35h3v1H10zM14 35h1v1H14zM18 35h1v1H18zM21 35h1v1H21zM23 35h1v1H23zM28 35h2v1H28zM31 35h1v1H31zM36,35 h1v1H36zM0 36h7v1H0zM9 36h1v1H9zM11 36h1v1H11zM15 36h1v1H15zM17 36h2v1H17zM20 36h1v1H20zM22 36h2v1H22zM25 36h2v1H25zM29 36h1v1H29zM34,36 h3v1H34z"
    fill="#000000"
  />
</svg>
`;

exports[`SVG rendering renders basic SVG correctly 1`] = `
<svg
  height={128}
  shapeRendering="crispEdges"
  viewBox="0 0 29 29"
  width={128}
>
  <path
    d="M0,0 h29v29H0z"
    fill="#ffffff"
  />
  <path
    d="M0 0h7v1H0zM8 0h1v1H8zM10 0h5v1H10zM17 0h2v1H17zM22,0 h7v1H22zM0 1h1v1H0zM6 1h1v1H6zM9 1h2v1H9zM13 1h1v1H13zM19 1h2v1H19zM22 1h1v1H22zM28,1 h1v1H28zM0 2h1v1H0zM2 2h3v1H2zM6 2h1v1H6zM10 2h2v1H10zM13 2h3v1H13zM19 2h2v1H19zM22 2h1v1H22zM24 2h3v1H24zM28,2 h1v1H28zM0 3h1v1H0zM2 3h3v1H2zM6 3h1v1H6zM11 3h3v1H11zM16 3h2v1H16zM19 3h2v1H19zM22 3h1v1H22zM24 3h3v1H24zM28,3 h1v1H28zM0 4h1v1H0zM2 4h3v1H2zM6 4h1v1H6zM9 4h1v1H9zM12 4h1v1H12zM16 4h2v1H16zM19 4h1v1H19zM22 4h1v1H22zM24 4h3v1H24zM28,4 h1v1H28zM0 5h1v1H0zM6 5h1v1H6zM10 5h2v1H10zM13 5h1v1H13zM18 5h1v1H18zM22 5h1v1H22zM28,5 h1v1H28zM0 6h7v1H0zM8 6h1v1H8zM10 6h1v1H10zM12 6h1v1H12zM14 6h1v1H14zM16 6h1v1H16zM18 6h1v1H18zM20 6h1v1H20zM22,6 h7v1H22zM8 7h1v1H8zM10 7h1v1H10zM13 7h1v1H13zM15 7h2v1H15zM19 7h2v1H19zM0 8h2v1H0zM3 8h2v1H3zM6 8h1v1H6zM9 8h4v1H9zM16 8h2v1H16zM19 8h2v1H19zM22 8h1v1H22zM28,8 h1v1H28zM0 9h1v1H0zM4 9h2v1H4zM8 9h2v1H8zM11 9h1v1H11zM13 9h3v1H13zM18 9h2v1H18zM21 9h1v1H21zM23 9h2v1H23zM26 9h2v1H26zM0 10h4v1H0zM6 10h1v1H6zM8 10h1v1H8zM10 10h2v1H10zM13 10h1v1H13zM15 10h2v1H15zM18 10h1v1H18zM21 10h1v1H21zM24 10h1v1H24zM26 10h1v1H26zM0 11h1v1H0zM2 11h1v1H2zM5 11h1v1H5zM8 11h3v1H8zM15 11h3v1H15zM19 11h2v1H19zM24 11h1v1H24zM28,11 h1v1H28zM1 12h3v1H1zM5 12h2v1H5zM9 12h1v1H9zM12 12h1v1H12zM15 12h2v1H15zM20 12h1v1H20zM22 12h1v1H22zM28,12 h1v1H28zM1 13h1v1H1zM3 13h1v1H3zM8 13h1v1H8zM11 13h1v1H11zM13 13h1v1H13zM15 13h2v1H15zM18 13h1v1H18zM22 13h4v1H22zM27,13 h2v1H27zM0 14h2v1H0zM3 14h2v1H3zM6 14h2v1H6zM13 14h4v1H13zM18 14h3v1H18zM22 14h1v1H22zM24 14h3v1H24zM28,14 h1v1H28zM1 15h1v1H1zM3 15h1v1H3zM8 15h2v1H8zM11 15h2v1H11zM14 15h3v1H14zM21 15h4v1H21zM26 15h1v1H26zM28,15 h1v1H28zM2 16h1v1H2zM6 16h1v1H6zM8 16h1v1H8zM10 16h4v1H10zM15 16h2v1H15zM20 16h1v1H20zM0 17h1v1H0zM5 17h1v1H5zM9 17h1v1H9zM14 17h2v1H14zM18 17h4v1H18zM24 17h4v1H24zM0 18h2v1H0zM3 18h5v1H3zM11 18h3v1H11zM15 18h1v1H15zM19 18h4v1H19zM28,18 h1v1H28zM0 19h2v1H0zM3 19h3v1H3zM10 19h2v1H10zM13 19h1v1H13zM18 19h5v1H18zM24 19h3v1H24zM0 20h8v1H0zM9 20h1v1H9zM11 20h2v1H11zM14 20h2v1H14zM17 20h1v1H17zM19 20h9v1H19zM8 21h1v1H8zM11 21h5v1H11zM17 21h4v1H17zM24 21h2v1H24zM0 22h7v1H0zM9 22h1v1H9zM11 22h2v1H11zM15 22h2v1H15zM19 22h2v1H19zM22 22h1v1H22zM24 22h2v1H24zM0 23h1v1H0zM6 23h1v1H6zM10 23h1v1H10zM12 23h1v1H12zM14 23h2v1H14zM17 23h4v1H17zM24 23h2v1H24zM0 24h1v1H0zM2 24h3v1H2zM6 24h1v1H6zM8 24h4v1H8zM15 24h2v1H15zM19 24h6v1H19zM27,24 h2v1H27zM0 25h1v1H0zM2 25h3v1H2zM6 25h1v1H6zM8 25h4v1H8zM13 25h7v1H13zM21 25h1v1H21zM25,25 h4v1H25zM0 26h1v1H0zM2 26h3v1H2zM6 26h1v1H6zM10 26h1v1H10zM12 26h1v1H12zM15 26h2v1H15zM18 26h1v1H18zM21 26h1v1H21zM23 26h3v1H23zM27,26 h2v1H27zM0 27h1v1H0zM6 27h1v1H6zM8 27h1v1H8zM14 27h2v1H14zM21 27h1v1H21zM23 27h4v1H23zM28,27 h1v1H28zM0 28h7v1H0zM8 28h3v1H8zM12 28h2v1H12zM19 28h2v1H19zM22 28h2v1H22z"
    fill="#000000"
  />
</svg>
`;
